T4 :  Design an application - Airport Related 

DB - Names of planes - country wise Eg. - AirIndia - India, GoIndigo - Chiana, Pan Asia - Malesiya, Kingfisher - India 

		- Plane id
		- Fixed time of Departure and Arrival
		- Source and Destination
		
JAVA -  Want to see the below details of plane by id/name -> (default 1)  1.for 1 day  2. for whole week 

		- Takeoff 
		- Landing
		- Total duration of fly time
		- Idle time of plane on airport

NOTE - Use Time - not int/long

>> Tables FlightNo FlightName FightCountryName Source Destination Time of Departure Time of Arrival 
>> 	AirIndia - India - 7002     = Mumbai    Qatar   2021-05-31T18:13:12.201501 2021-05-31T21:13:12.201501
	AirIndia - India - 7003		= Mumbai    Qatar   2021-05-31T18:13:12.201501 2021-05-31T21:13:12.201501
	GoIndigo - China  - 14396	= Mumbai    Qatar   2021-05-31T18:13:12.201501 2021-05-31T21:13:12.201501	
	KingFisher - India -89099	= Mumbai    Qatar   2021-05-31T18:13:12.201501 2021-05-31T21:13:12.201501
	Emirates Airline - Qatar - 112887 	= Mumbai    Qatar   2021-05-31T18:13:12.201501 2021-05-31T21:13:12.201501
	British Airways - Engaland -760034 	= Mumbai    Qatar   2021-05-31T18:13:12.201501 2021-05-31T21:13:12.201501
	
mysql> select * from flightdetails;
+----------+---------------------+-------------------+---------------------+-------------------+------------+--------------+
| flightNo | flightArrivalTime   | flightCountryName | flightDepTime       | flightDestination | flightName | flightSource |
+----------+---------------------+-------------------+---------------------+-------------------+------------+--------------+
|     7002 | 2021-01-01 03:30:30 | India             | 2021-01-01 01:30:30 | Qatar             | AirIndia   | Mumbai       |
+----------+---------------------+-------------------+---------------------+-------------------+------------+--------------+
+----------+---------------------+-------------------+---------------------+-------------------+------------+--------------+
|     7003 | 2021-01-01 14:30:30 | India             | 2021-01-01 12:30:30 | Mumbai            | AirIndia   | Qatar        |
+----------+---------------------+-------------------+---------------------+-------------------+------------+--------------+
+----------+---------------------+-------------------+---------------------+-------------------+------------+--------------+
|     7003 | 2021-01-01 17:30:30 | India             | 2021-01-01 15:30:30 | Qatar             | AirIndia   | Mumbai       |
+----------+---------------------+-------------------+---------------------+-------------------+------------+--------------+
1 row in set (0.02 sec)

mysql> select * from flightdeta

mysql> select * from flightdetails;
+--------------+---------------------+-------------------+---------------------+-------------------+------------+----------+--------------+
| flightRecord | flightArrivalTime   | flightCountryName | flightDepTime       | flightDestination | flightName | flightNo | flightSource |
+--------------+---------------------+-------------------+---------------------+-------------------+------------+----------+--------------+
|            3 | 2021-01-01 14:30:30 | India             | 2021-01-01 12:30:30 | Mumbai            | AirIndia   |     7003 | Qatar        |
|            1 | 2021-01-01 03:30:30 | India             | 2021-01-01 01:30:30 | Qatar             | AirIndia   |     7002 | Mumbai       |
|            2 | 2021-01-01 14:30:30 | India             | 2021-01-01 12:30:30 | Mumbai            | AirIndia   |     7003 | Qatar        |
+--------------+---------------------+-------------------+---------------------+-------------------+------------+----------+--------------+
3 rows in set (0.00 sec)

mysql> select * from flightdetails where flightNo 7003
    -> ;
ERROR 1064 (42000): You have an error in your SQL syntax; check the manual that corresponds to your MySQL server version for the right syntax to use near '7003' at line 1
mysql> select * from flightdetails where flightNo =7003;
+--------------+---------------------+-------------------+---------------------+-------------------+------------+----------+--------------+
| flightRecord | flightArrivalTime   | flightCountryName | flightDepTime       | flightDestination | flightName | flightNo | flightSource |
+--------------+---------------------+-------------------+---------------------+-------------------+------------+----------+--------------+
|            3 | 2021-01-01 14:30:30 | India             | 2021-01-01 12:30:30 | Mumbai            | AirIndia   |     7003 | Qatar        |
|            2 | 2021-01-01 14:30:30 | India             | 2021-01-01 12:30:30 | Mumbai            | AirIndia   |     7003 | Qatar        |
+--------------+---------------------+-------------------+---------------------+-------------------+------------+----------+--------------+
2 rows in set (0.03 sec)

mysql>

Caused by: org.hibernate.hql.internal.ast.QuerySyntaxException: flightdetails is not mapped [FROM flightdetails]
	at org.hibernate.hql.internal.ast.QuerySyntaxException.generateQueryException(QuerySyntaxException.java:79)
	at org.hibernate.QueryException.wrapWithQueryString(QueryException.java:103)
	at org.hibernate.hql.internal.ast.QueryTranslatorImpl.doCompile(QueryTranslatorImpl.java:220)
	at org.hibernate.hql.internal.ast.QueryTranslatorImpl.compile(QueryTranslatorImpl.java:144)
	at org.hibernate.engine.query.spi.HQLQueryPlan.<init>(HQLQueryPlan.java:113)
	at org.hibernate.engine.query.spi.HQLQueryPlan.<init>(HQLQueryPlan.java:73)
	at org.hibernate.engine.query.spi.QueryPlanCache.getHQLQueryPlan(QueryPlanCache.java:162)
	at org.hibernate.internal.AbstractSharedSessionContract.getQueryPlan(AbstractSharedSessionContract.java:613)
	at org.hibernate.internal.AbstractSharedSessionContract.createQuery(AbstractSharedSessionContract.java:725)
	... 3 more